AREA .  .ABS.
	RADIX HEX
	BASE 0000
	SIZE 0000
	ATTRIB ABS OVR
	GLOBALS
		l__HEAP	0000
		l__BSEG	0000
		l_.  .ABS.	0000
		l__GSFINAL	0000
		l__ISEG	0000
		s_.  .ABS.	0000
		s__HEADER	0000
		l__XSEG	0000
		.init	0000
		l__OVERLAY	0000
		l__LIT	0000
		s__SFR	0000
		l__GSINITTAIL	0001
		l__BSS	0087
		l__HEADER	01EB
		s__CODE	0200
		l__DATA	0342
		l__HOME	04AF
		l__BASE	10E6
		l__GSINIT	12DE
		l__CODE	1FEF
		s__HOME	21EF
		s__BASE	269E
		s__LIT	3784
		s__GSINIT	3784
		s__GSINITTAIL	4A62
		s__GSFINAL	4A63
		.OAM	C000
		s__DATA	C0A0
		s__BSS	C3E2
		s__HEAP	C469
		s__BSEG	C469
		s__ISEG	C469
		s__XSEG	C469
		s__OVERLAY	C469
		.STACK	E000
		.refresh_OAM	FF80
		l__SFR	10000
AREA _CODE
	RADIX HEX
	BASE 0200
	SIZE 1FEF
	ATTRIB REL CON
	GLOBALS
		_performant_delay	0200
		_animate_sprite	0217
		_reset_player	02AA
		_fadeout	02F2
		_fadein	0347
		_set_volume	0392
		_play_sound	039F
		_generate	03B4
		_reset_block	03F1
		_P1	03F2
		_generate_level	03F4
		_set_level_attributes	0404
		_level_complete	047D
		_allow_player_move	0531
		_player_control	070B
		_load_start_up	08C0
		_main_screen_data	0906
		_main_screen_map	1836
		_main	199E
		_putchar	1A7E
		_setchar	1A87
		_gotoxy	1A90
		_posx	1A9B
		_posy	1AAC
		.adv_gcurs	1ABD
		.circle	1ADA
		.horlin	1B7D
		.verlin	1BB5
		.circplot	1C11
		.box	1C8F
		.line	1D65
		.xonly	1E86
		.yonly	1FD5
		.plot	1FF6
		.wrbyte	2013
		.getpix	2095
		.wrtchr	20CA
		_gotogxy	212E
		_wrtchr	2139
		_getpix	214E
		_color	215A
		_circle	2169
		_box	2183
		_line	21A7
		_plot_point	21BF
		_plot	21D3
AREA _HEADER
	RADIX HEX
	BASE 0000
	SIZE 01EB
	ATTRIB ABS OVR
	GLOBALS
		_exit	01D2
AREA _HOME
	RADIX HEX
	BASE 21EF
	SIZE 04AF
	ATTRIB REL CON
	GLOBALS
		.set_mode	21EF
		.remove_VBL	21FF
		.remove_LCD	2205
		.remove_TIM	220B
		.remove_SIO	2211
		.remove_JOY	2217
		.add_VBL	221D
		.add_LCD	2223
		.add_TIM	2229
		.add_SIO	222F
		.add_JOY	2235
		.remove_int	223B
		.add_int	225B
		.wait_vbl_done	2277
		_wait_vbl_done	2277
		_display_off	228E
		.display_off	228E
		.serial_IO	22AF
		_mode	22DE
		_get_mode	22E7
		_enable_interrupts	22EC
		_disable_interrupts	22EE
		_reset	22F0
		.reset	22F0
		_set_interrupts	22F6
		_remove_VBL	2301
		_remove_LCD	230C
		_remove_TIM	2317
		_remove_SIO	2322
		_remove_JOY	232D
		_add_VBL	2338
		_add_LCD	2343
		_add_TIM	234E
		_add_SIO	2359
		_add_JOY	2364
		_clock	236F
		__printTStates	2378
		banked_call	2379
		banked_ret	2392
		_printf	239B
		_sprintf	23CA
AREA _BASE
	RADIX HEX
	BASE 269E
	SIZE 10E6
	ATTRIB REL CON
	GLOBALS
		.padup	269E
		_waitpadup	269E
		.jpad	26AE
		.wait_pad	26DB
		_joypad	26E2
		_waitpad	26E7
		.mv_sprite	26F1
		_move_sprite	2700
		__mulschar	270D
		__muluchar	270D
		__mulsint	2719
		__muluint	2719
		.mulu16	272D
		.mul16	272D
		_set_win_data	2743
		_set_bkg_data	2743
		_set_sprite_data	2790
		.scroll_sprite	27BF
		_scroll_sprite	27D0
		.set_sprite_tile	27DD
		_set_sprite_tile	27EA
		__modslong	27F5
		__divslong	27F5
		__mulslong	27F5
		__divschar	27F6
		__modschar	2802
		__divsint	280D
		__modsint	281E
		__divuchar	282D
		__moduchar	2839
		__divuint	2844
		__moduint	2855
		.mod8	2864
		.div8	2864
		.mod16	286C
		.div16	286C
		.modu8	28A2
		.divu8	28A2
		.modu16	28A5
		.divu16	28A5
		.copy_vram	28E2
		_get_data	28F1
		_set_data	28F1
		_set_bkg_tiles	2904
		font_copy_uncompressed	2918
		font_copy_compressed	294E
		font_load	29A3
		font_copy_current	29EB
		font_set	2A33
		.put_char	2A40
		.out_char	2A59
		.del_char	2A60
		_font_load	2ABB
		_font_set	2AC9
		_font_init	2AD8
		_cls	2AFA
		.cls	2AFA
		.cr_curs	2B2C
		.adv_curs	2B41
		.tmode	2B9D
		.tmode_out	2BC6
		_font_load_ibm_fixed	2BD6
		_font_ibm_fixed	2BDD
		_font_ibm_fixed_tiles	2CDF
		.gmode	34DF
		.vbl	3541
		.lcd	354C
		.draw_image	3559
		.switch_data	3563
		_switch_data	359A
		_draw_image	35B5
		.y_table	35C8
		.set_xy_wtt	36E8
		.set_xy_btt	36F9
		.set_xy_tt	3708
		_set_tiles	3739
		.init_vram	3752
		.init_wtt	3760
		.init_btt	3770
		.init_tt	377E
AREA _LIT
	RADIX HEX
	BASE 3784
	SIZE 0000
	ATTRIB REL CON
AREA _GSINIT
	RADIX HEX
	BASE 3784
	SIZE 12DE
	ATTRIB REL CON
	GLOBALS
		gsinit	3784
AREA _GSINITTAIL
	RADIX HEX
	BASE 4A62
	SIZE 0001
	ATTRIB REL CON
AREA _GSFINAL
	RADIX HEX
	BASE 4A63
	SIZE 0000
	ATTRIB REL CON
AREA _DATA
	RADIX HEX
	BASE C0A0
	SIZE 0342
	ATTRIB REL CON
	GLOBALS
		_player	C0A0
		_maze_map	C0B0
		_maze_map_two	C218
		_fade_i	C380
		_maze_sprites	C381
		_level_1	C3C1
		_level_2	C3CD
		_levels	C3D9
		_level_num	C3DD
		_haskey	C3DE
		_debug	C3DF
		_playerlocation	C3E0
AREA _BSS
	RADIX HEX
	BASE C3E2
	SIZE 0087
	ATTRIB REL CON
	GLOBALS
		__cpu	C3E2
		.mode	C3E3
		__io_out	C3E4
		__io_in	C3E5
		__io_status	C3E6
		.vbl_done	C3E7
		__current_bank	C3E8
		_sys_time	C3E9
		.sys_time	C3E9
		.int_0x40	C3EB
		.int_0x48	C3FB
		.int_0x50	C40B
		.int_0x58	C41B
		.int_0x60	C42B
		font_current	C43E
		font_first_free_tile	C441
		font_table	C442
		.curx	C454
		.cury	C455
		.fg_colour	C456
		.bg_colour	C457
AREA _HEAP
	RADIX HEX
	BASE C469
	SIZE 0000
	ATTRIB REL CON
	GLOBALS
		_malloc_heap_start	C469
AREA _OVERLAY
	RADIX HEX
	BASE C469
	SIZE 0000
	ATTRIB REL CON
AREA _ISEG
	RADIX HEX
	BASE C469
	SIZE 0000
	ATTRIB REL CON
AREA _BSEG
	RADIX HEX
	BASE C469
	SIZE 0000
	ATTRIB REL CON
AREA _XSEG
	RADIX HEX
	BASE C469
	SIZE 0000
	ATTRIB REL CON
AREA _SFR
	RADIX HEX
	BASE 0000
	SIZE 10000
	ATTRIB ABS OVR
	GLOBALS
		_P1_REG	FF00
		_SB_REG	FF01
		_SC_REG	FF02
		_DIV_REG	FF04
		_TIMA_REG	FF05
		_TMA_REG	FF06
		_TAC_REG	FF07
		_IF_REG	FF0F
		_NR10_REG	FF10
		_NR11_REG	FF11
		_NR12_REG	FF12
		_NR13_REG	FF13
		_NR14_REG	FF14
		_NR21_REG	FF16
		_NR22_REG	FF17
		_NR23_REG	FF18
		_NR24_REG	FF19
		_NR30_REG	FF1A
		_NR31_REG	FF1B
		_NR32_REG	FF1C
		_NR33_REG	FF1D
		_NR34_REG	FF1E
		_NR41_REG	FF20
		_NR42_REG	FF21
		_NR43_REG	FF22
		_NR44_REG	FF23
		_NR50_REG	FF24
		_NR51_REG	FF25
		_NR52_REG	FF26
		_LCDC_REG	FF40
		_STAT_REG	FF41
		_SCY_REG	FF42
		_SCX_REG	FF43
		_LY_REG	FF44
		_LYC_REG	FF45
		_DMA_REG	FF46
		_BGP_REG	FF47
		_OBP0_REG	FF48
		_OBP1_REG	FF49
		_WY_REG	FF4A
		_WX_REG	FF4B
		_KEY1_REG	FF4D
		_VBK_REG	FF4F
		_HDMA1_REG	FF51
		_HDMA2_REG	FF52
		_HDMA3_REG	FF53
		_HDMA4_REG	FF54
		_HDMA5_REG	FF55
		_RP_REG	FF56
		_BCPS_REG	FF68
		_BCPD_REG	FF69
		_OCPS_REG	FF6A
		_OCPD_REG	FF6B
		_SVBK_REG	FF70
		_IE_REG	FFFF
MODULES
	FILE c:\gbdk\lib/small/asxxxx/gb/crt0.o
		NAME Runtime
	FILE main.o
		NAME lcc251960
LIBRARIES
	LIBRARY c:\gbdk\lib/small/asxxxx/gb/gb.lib
		MODULE sfr.o
	LIBRARY c:\gbdk\lib/small/asxxxx/gb/gb.lib
		MODULE pad.o
	LIBRARY c:\gbdk\lib/small/asxxxx/gb/gb.lib
		MODULE mv_spr.o
	LIBRARY c:\gbdk\lib/small/asxxxx/gbz80/gbz80.lib
		MODULE mul.o
	LIBRARY c:\gbdk\lib/small/asxxxx/gb/gb.lib
		MODULE set_data.o
	LIBRARY c:\gbdk\lib/small/asxxxx/gb/gb.lib
		MODULE scroll_s.o
	LIBRARY c:\gbdk\lib/small/asxxxx/gb/gb.lib
		MODULE set_spr.o
	LIBRARY c:\gbdk\lib/small/asxxxx/gbz80/gbz80.lib
		MODULE printf.o
	LIBRARY c:\gbdk\lib/small/asxxxx/gbz80/gbz80.lib
		MODULE div.o
	LIBRARY c:\gbdk\lib/small/asxxxx/gb/gb.lib
		MODULE cpy_data.o
	LIBRARY c:\gbdk\lib/small/asxxxx/gb/gb.lib
		MODULE set_bk_t.o
	LIBRARY c:\gbdk\lib/small/asxxxx/gb/gb.lib
		MODULE font.o
	LIBRARY c:\gbdk\lib/small/asxxxx/gb/gb.lib
		MODULE ibmfixed.o
	LIBRARY c:\gbdk\lib/small/asxxxx/gb/gb.lib
		MODULE drawing.o
	LIBRARY c:\gbdk\lib/small/asxxxx/gb/gb.lib
		MODULE set_xy_t.o
	LIBRARY c:\gbdk\lib/small/asxxxx/gb/gb.lib
		MODULE init_tt.o
USERBASEDEF
	_CODE=0x0200
	_DATA=0xC0A0
	_CODE_1=0x4000
USERGLOBALDEF
	.OAM=0xC000
	.STACK=0xE000
	.refresh_OAM=0xFF80
	.init=0x0000
