AREA .  .ABS.
	RADIX HEX
	BASE 0000
	SIZE 0000
	ATTRIB ABS OVR
	GLOBALS
		l__HEAP	0000
		l__BSEG	0000
		l_.  .ABS.	0000
		l__GSFINAL	0000
		l__ISEG	0000
		s_.  .ABS.	0000
		s__HEADER	0000
		l__XSEG	0000
		.init	0000
		l__OVERLAY	0000
		l__LIT	0000
		s__SFR	0000
		l__GSINITTAIL	0001
		l__BSS	0087
		l__HEADER	01EB
		s__CODE	0200
		l__DATA	0341
		l__HOME	04AF
		l__BASE	10E6
		l__GSINIT	12DE
		l__CODE	1FAE
		s__HOME	21AE
		s__BASE	265D
		s__LIT	3743
		s__GSINIT	3743
		s__GSINITTAIL	4A21
		s__GSFINAL	4A22
		.OAM	C000
		s__DATA	C0A0
		s__BSS	C3E1
		s__HEAP	C468
		s__BSEG	C468
		s__ISEG	C468
		s__XSEG	C468
		s__OVERLAY	C468
		.STACK	E000
		.refresh_OAM	FF80
		l__SFR	10000
AREA _CODE
	RADIX HEX
	BASE 0200
	SIZE 1FAE
	ATTRIB REL CON
	GLOBALS
		_performant_delay	0200
		_animate_sprite	0217
		_reset_player	02AA
		_fadeout	02F2
		_fadein	0347
		_generate	0392
		_reset_block	03CF
		_P1	03D0
		_generate_level	03D2
		_set_level_attributes	03E2
		_level_complete	045B
		_allow_player_move	050F
		_player_control	06D0
		_load_start_up	0885
		_main_screen_data	08C8
		_main_screen_map	17F8
		_main	1960
		_putchar	1A3D
		_setchar	1A46
		_gotoxy	1A4F
		_posx	1A5A
		_posy	1A6B
		.adv_gcurs	1A7C
		.circle	1A99
		.horlin	1B3C
		.verlin	1B74
		.circplot	1BD0
		.box	1C4E
		.line	1D24
		.xonly	1E45
		.yonly	1F94
		.plot	1FB5
		.wrbyte	1FD2
		.getpix	2054
		.wrtchr	2089
		_gotogxy	20ED
		_wrtchr	20F8
		_getpix	210D
		_color	2119
		_circle	2128
		_box	2142
		_line	2166
		_plot_point	217E
		_plot	2192
AREA _HEADER
	RADIX HEX
	BASE 0000
	SIZE 01EB
	ATTRIB ABS OVR
	GLOBALS
		_exit	01D2
AREA _HOME
	RADIX HEX
	BASE 21AE
	SIZE 04AF
	ATTRIB REL CON
	GLOBALS
		.set_mode	21AE
		.remove_VBL	21BE
		.remove_LCD	21C4
		.remove_TIM	21CA
		.remove_SIO	21D0
		.remove_JOY	21D6
		.add_VBL	21DC
		.add_LCD	21E2
		.add_TIM	21E8
		.add_SIO	21EE
		.add_JOY	21F4
		.remove_int	21FA
		.add_int	221A
		.wait_vbl_done	2236
		_wait_vbl_done	2236
		_display_off	224D
		.display_off	224D
		.serial_IO	226E
		_mode	229D
		_get_mode	22A6
		_enable_interrupts	22AB
		_disable_interrupts	22AD
		_reset	22AF
		.reset	22AF
		_set_interrupts	22B5
		_remove_VBL	22C0
		_remove_LCD	22CB
		_remove_TIM	22D6
		_remove_SIO	22E1
		_remove_JOY	22EC
		_add_VBL	22F7
		_add_LCD	2302
		_add_TIM	230D
		_add_SIO	2318
		_add_JOY	2323
		_clock	232E
		__printTStates	2337
		banked_call	2338
		banked_ret	2351
		_printf	235A
		_sprintf	2389
AREA _BASE
	RADIX HEX
	BASE 265D
	SIZE 10E6
	ATTRIB REL CON
	GLOBALS
		.padup	265D
		_waitpadup	265D
		.jpad	266D
		.wait_pad	269A
		_joypad	26A1
		_waitpad	26A6
		.mv_sprite	26B0
		_move_sprite	26BF
		__mulschar	26CC
		__muluchar	26CC
		__mulsint	26D8
		__muluint	26D8
		.mulu16	26EC
		.mul16	26EC
		_set_win_data	2702
		_set_bkg_data	2702
		_set_sprite_data	274F
		.scroll_sprite	277E
		_scroll_sprite	278F
		.set_sprite_tile	279C
		_set_sprite_tile	27A9
		__modslong	27B4
		__divslong	27B4
		__mulslong	27B4
		__divschar	27B5
		__modschar	27C1
		__divsint	27CC
		__modsint	27DD
		__divuchar	27EC
		__moduchar	27F8
		__divuint	2803
		__moduint	2814
		.mod8	2823
		.div8	2823
		.mod16	282B
		.div16	282B
		.modu8	2861
		.divu8	2861
		.modu16	2864
		.divu16	2864
		.copy_vram	28A1
		_get_data	28B0
		_set_data	28B0
		_set_bkg_tiles	28C3
		font_copy_uncompressed	28D7
		font_copy_compressed	290D
		font_load	2962
		font_copy_current	29AA
		font_set	29F2
		.put_char	29FF
		.out_char	2A18
		.del_char	2A1F
		_font_load	2A7A
		_font_set	2A88
		_font_init	2A97
		_cls	2AB9
		.cls	2AB9
		.cr_curs	2AEB
		.adv_curs	2B00
		.tmode	2B5C
		.tmode_out	2B85
		_font_load_ibm_fixed	2B95
		_font_ibm_fixed	2B9C
		_font_ibm_fixed_tiles	2C9E
		.gmode	349E
		.vbl	3500
		.lcd	350B
		.draw_image	3518
		.switch_data	3522
		_switch_data	3559
		_draw_image	3574
		.y_table	3587
		.set_xy_wtt	36A7
		.set_xy_btt	36B8
		.set_xy_tt	36C7
		_set_tiles	36F8
		.init_vram	3711
		.init_wtt	371F
		.init_btt	372F
		.init_tt	373D
AREA _LIT
	RADIX HEX
	BASE 3743
	SIZE 0000
	ATTRIB REL CON
AREA _GSINIT
	RADIX HEX
	BASE 3743
	SIZE 12DE
	ATTRIB REL CON
	GLOBALS
		gsinit	3743
AREA _GSINITTAIL
	RADIX HEX
	BASE 4A21
	SIZE 0001
	ATTRIB REL CON
AREA _GSFINAL
	RADIX HEX
	BASE 4A22
	SIZE 0000
	ATTRIB REL CON
AREA _DATA
	RADIX HEX
	BASE C0A0
	SIZE 0341
	ATTRIB REL CON
	GLOBALS
		_player	C0A0
		_maze_map	C0B0
		_maze_map_two	C218
		_fade_i	C380
		_maze_sprites	C381
		_level_1	C3C1
		_level_2	C3CD
		_levels	C3D9
		_level_num	C3DD
		_debug	C3DE
		_playerlocation	C3DF
AREA _BSS
	RADIX HEX
	BASE C3E1
	SIZE 0087
	ATTRIB REL CON
	GLOBALS
		__cpu	C3E1
		.mode	C3E2
		__io_out	C3E3
		__io_in	C3E4
		__io_status	C3E5
		.vbl_done	C3E6
		__current_bank	C3E7
		_sys_time	C3E8
		.sys_time	C3E8
		.int_0x40	C3EA
		.int_0x48	C3FA
		.int_0x50	C40A
		.int_0x58	C41A
		.int_0x60	C42A
		font_current	C43D
		font_first_free_tile	C440
		font_table	C441
		.curx	C453
		.cury	C454
		.fg_colour	C455
		.bg_colour	C456
AREA _HEAP
	RADIX HEX
	BASE C468
	SIZE 0000
	ATTRIB REL CON
	GLOBALS
		_malloc_heap_start	C468
AREA _OVERLAY
	RADIX HEX
	BASE C468
	SIZE 0000
	ATTRIB REL CON
AREA _ISEG
	RADIX HEX
	BASE C468
	SIZE 0000
	ATTRIB REL CON
AREA _BSEG
	RADIX HEX
	BASE C468
	SIZE 0000
	ATTRIB REL CON
AREA _XSEG
	RADIX HEX
	BASE C468
	SIZE 0000
	ATTRIB REL CON
AREA _SFR
	RADIX HEX
	BASE 0000
	SIZE 10000
	ATTRIB ABS OVR
	GLOBALS
		_P1_REG	FF00
		_SB_REG	FF01
		_SC_REG	FF02
		_DIV_REG	FF04
		_TIMA_REG	FF05
		_TMA_REG	FF06
		_TAC_REG	FF07
		_IF_REG	FF0F
		_NR10_REG	FF10
		_NR11_REG	FF11
		_NR12_REG	FF12
		_NR13_REG	FF13
		_NR14_REG	FF14
		_NR21_REG	FF16
		_NR22_REG	FF17
		_NR23_REG	FF18
		_NR24_REG	FF19
		_NR30_REG	FF1A
		_NR31_REG	FF1B
		_NR32_REG	FF1C
		_NR33_REG	FF1D
		_NR34_REG	FF1E
		_NR41_REG	FF20
		_NR42_REG	FF21
		_NR43_REG	FF22
		_NR44_REG	FF23
		_NR50_REG	FF24
		_NR51_REG	FF25
		_NR52_REG	FF26
		_LCDC_REG	FF40
		_STAT_REG	FF41
		_SCY_REG	FF42
		_SCX_REG	FF43
		_LY_REG	FF44
		_LYC_REG	FF45
		_DMA_REG	FF46
		_BGP_REG	FF47
		_OBP0_REG	FF48
		_OBP1_REG	FF49
		_WY_REG	FF4A
		_WX_REG	FF4B
		_KEY1_REG	FF4D
		_VBK_REG	FF4F
		_HDMA1_REG	FF51
		_HDMA2_REG	FF52
		_HDMA3_REG	FF53
		_HDMA4_REG	FF54
		_HDMA5_REG	FF55
		_RP_REG	FF56
		_BCPS_REG	FF68
		_BCPD_REG	FF69
		_OCPS_REG	FF6A
		_OCPD_REG	FF6B
		_SVBK_REG	FF70
		_IE_REG	FFFF
MODULES
	FILE c:\gbdk\lib/small/asxxxx/gb/crt0.o
		NAME Runtime
	FILE main.o
		NAME lcc388720
LIBRARIES
	LIBRARY c:\gbdk\lib/small/asxxxx/gb/gb.lib
		MODULE sfr.o
	LIBRARY c:\gbdk\lib/small/asxxxx/gb/gb.lib
		MODULE pad.o
	LIBRARY c:\gbdk\lib/small/asxxxx/gb/gb.lib
		MODULE mv_spr.o
	LIBRARY c:\gbdk\lib/small/asxxxx/gbz80/gbz80.lib
		MODULE mul.o
	LIBRARY c:\gbdk\lib/small/asxxxx/gb/gb.lib
		MODULE set_data.o
	LIBRARY c:\gbdk\lib/small/asxxxx/gb/gb.lib
		MODULE scroll_s.o
	LIBRARY c:\gbdk\lib/small/asxxxx/gb/gb.lib
		MODULE set_spr.o
	LIBRARY c:\gbdk\lib/small/asxxxx/gbz80/gbz80.lib
		MODULE printf.o
	LIBRARY c:\gbdk\lib/small/asxxxx/gbz80/gbz80.lib
		MODULE div.o
	LIBRARY c:\gbdk\lib/small/asxxxx/gb/gb.lib
		MODULE cpy_data.o
	LIBRARY c:\gbdk\lib/small/asxxxx/gb/gb.lib
		MODULE set_bk_t.o
	LIBRARY c:\gbdk\lib/small/asxxxx/gb/gb.lib
		MODULE font.o
	LIBRARY c:\gbdk\lib/small/asxxxx/gb/gb.lib
		MODULE ibmfixed.o
	LIBRARY c:\gbdk\lib/small/asxxxx/gb/gb.lib
		MODULE drawing.o
	LIBRARY c:\gbdk\lib/small/asxxxx/gb/gb.lib
		MODULE set_xy_t.o
	LIBRARY c:\gbdk\lib/small/asxxxx/gb/gb.lib
		MODULE init_tt.o
USERBASEDEF
	_CODE=0x0200
	_DATA=0xC0A0
	_CODE_1=0x4000
USERGLOBALDEF
	.OAM=0xC000
	.STACK=0xE000
	.refresh_OAM=0xFF80
	.init=0x0000
